10:23:03 sqlite run 2: loading 1000000 rows with 3 secondary indexes
10:23:18 loaded 117000/1000000 rows
10:23:34 loaded 186000/1000000 rows
10:23:49 loaded 240000/1000000 rows
10:24:04 loaded 311000/1000000 rows
10:24:19 loaded 378000/1000000 rows
10:24:34 loaded 420000/1000000 rows
10:24:49 loaded 474000/1000000 rows
10:25:04 loaded 546000/1000000 rows
10:25:19 loaded 600000/1000000 rows
10:25:34 loaded 662000/1000000 rows
10:25:49 loaded 716000/1000000 rows
10:26:04 loaded 778000/1000000 rows
10:26:20 loaded 832000/1000000 rows
10:26:35 loaded 881000/1000000 rows
10:26:50 loaded 943000/1000000 rows
10:27:04 insert_batch_1000: 1000/1000 succeeded; p50 211.367 ms; p95 442.737 ms; errors map[]
10:27:04 get_primary: 200/200 succeeded; p50 0.636 ms; p95 1.255 ms; errors map[]
10:27:04 find_unique_email: 200/200 succeeded; p50 0.327 ms; p95 0.521 ms; errors map[]
10:27:04 find_compound_50: 200/200 succeeded; p50 0.645 ms; p95 1.403 ms; errors map[]
10:27:04 find_second_page_50: 200/200 succeeded; p50 0.695 ms; p95 1.384 ms; errors map[]
10:27:05 aggregate_one_tenant: 7/7 succeeded; p50 5.026 ms; p95 6.496 ms; errors map[]
10:27:25 aggregate_all: 0/7 succeeded; p50 0.000 ms; p95 0.000 ms; errors map[deadline_exceeded:7]
10:27:25 count_all: 7/7 succeeded; p50 29.796 ms; p95 488.503 ms; errors map[]
10:27:31 find_unindexed_last: 7/7 succeeded; p50 552.979 ms; p95 1515.271 ms; errors map[]
10:27:31 get_concurrent_8: 1600/1600 succeeded; p50 0.351 ms; p95 1.420 ms; errors map[]
10:27:31 update_indexed_record: 200/200 succeeded; p50 0.451 ms; p95 1.553 ms; errors map[]
10:27:31 insert_single: 200/200 succeeded; p50 0.191 ms; p95 0.305 ms; errors map[]
10:27:31 index_build_existing: 0/1 succeeded; p50 0.000 ms; p95 0.000 ms; errors map[resource_limit:1]
10:27:31 index_build_existing: 0/1 succeeded; p50 0.000 ms; p95 0.000 ms; errors map[resource_limit:1]
10:27:31 index_build_existing: 0/1 succeeded; p50 0.000 ms; p95 0.000 ms; errors map[resource_limit:1]
10:27:31 complete: 268.5 seconds, 1054.8 MiB disk, 48.9 MiB peak RSS; benchmarks/results/2026-09-07-post-restart/sqlite-1000000-run2.json
